// Jest Snapshot v1, https://goo.gl/fbAQLP

exports[`ParagraphPrinter Unit Tests. Renders a ParagraphPrinter with 1 line with 1 segment 1`] = `
<DocumentFragment>
  <div
    class="sc-jTQCzO gnzQdg"
    id="Tab0-paragraph"
  >
    <div
      class="sc-eDLKkx cfncZL"
      id="Tab0-paragraph-line0"
    >
      <span>
        $ 
      </span>
      <span
        class="sc-guDLey wuijx"
        id="Tab0-paragraph-line0-segment0"
      >
        <span
          class="sc-hLQSwg gcsUJF"
        />
        <div
          class="sc-beySPh brsoYh"
          id="Tab0-paragraph-line0-segment0-cursor"
        >
           
        </div>
      </span>
    </div>
  </div>
</DocumentFragment>
`;

exports[`ParagraphPrinter Unit Tests. Renders a ParagraphPrinter with 1 line with 2 segments 1`] = `
<DocumentFragment>
  <div
    class="sc-jTQCzO gnzQdg"
    id="Tab0-paragraph"
  >
    <div
      class="sc-eDLKkx cfncZL"
      id="Tab0-paragraph-line0"
    >
      <span>
        $ 
      </span>
      <span
        class="sc-guDLey wuijx"
        id="Tab0-paragraph-line0-segment0"
      >
        <span
          class="sc-hLQSwg gcsUJF"
        />
        <div
          class="sc-beySPh brsoYh"
          id="Tab0-paragraph-line0-segment0-cursor"
        >
           
        </div>
      </span>
    </div>
  </div>
</DocumentFragment>
`;

exports[`ParagraphPrinter Unit Tests. Renders a ParagraphPrinter with 5 lines, each with 5 segments 1`] = `
<DocumentFragment>
  <div
    class="sc-jTQCzO gnzQdg"
    id="Tab0-paragraph"
  >
    <div
      class="sc-eDLKkx cfncZL"
      id="Tab0-paragraph-line0"
    >
      <span>
        $ 
      </span>
      <span
        class="sc-guDLey wuijx"
        id="Tab0-paragraph-line0-segment0"
      >
        <span
          class="sc-hLQSwg gcsUJF"
        />
        <div
          class="sc-beySPh brsoYh"
          id="Tab0-paragraph-line0-segment0-cursor"
        >
           
        </div>
      </span>
    </div>
  </div>
</DocumentFragment>
`;
