// Jest Snapshot v1, https://goo.gl/fbAQLP

exports[`ParagraphPrinter Unit Tests. Renders a ParagraphPrinter with 1 line with 1 segment 1`] = `
<DocumentFragment>
  <div
    class="sc-jSguLX gYGgnw"
    id="ParagraphPrinter"
  >
    <div
      class="sc-eCstZk dVbBMf"
      id="LinePrinter:0"
    >
      $ 
      <span
        class="sc-gsTDqH brCFsH"
        id="SegmentPrinter:0"
      >
        <span
          class="sc-hKgKIp gVuSnU"
        />
        <div
          class="sc-bdfCDU blcbix"
          id="Cursor:0"
        >
           
        </div>
      </span>
    </div>
  </div>
</DocumentFragment>
`;

exports[`ParagraphPrinter Unit Tests. Renders a ParagraphPrinter with 1 line with 2 segments 1`] = `
<DocumentFragment>
  <div
    class="sc-jSguLX gYGgnw"
    id="ParagraphPrinter"
  >
    <div
      class="sc-eCstZk dVbBMf"
      id="LinePrinter:0"
    >
      $ 
      <span
        class="sc-gsTDqH brCFsH"
        id="SegmentPrinter:0"
      >
        <span
          class="sc-hKgKIp gVuSnU"
        />
        <div
          class="sc-bdfCDU blcbix"
          id="Cursor:0"
        >
           
        </div>
      </span>
    </div>
  </div>
</DocumentFragment>
`;

exports[`ParagraphPrinter Unit Tests. Renders a ParagraphPrinter with 5 lines, each with 5 segments 1`] = `
<DocumentFragment>
  <div
    class="sc-jSguLX gYGgnw"
    id="ParagraphPrinter"
  >
    <div
      class="sc-eCstZk dVbBMf"
      id="LinePrinter:0"
    >
      $ 
      <span
        class="sc-gsTDqH brCFsH"
        id="SegmentPrinter:0"
      >
        <span
          class="sc-hKgKIp gVuSnU"
        />
        <div
          class="sc-bdfCDU blcbix"
          id="Cursor:0"
        >
           
        </div>
      </span>
    </div>
  </div>
</DocumentFragment>
`;
